C:\Users\sebab\Desktop\four-in-a-row\src\main\java\org\seblax\animations\AnimatorManager.java
C:\Users\sebab\Desktop\four-in-a-row\src\main\java\org\seblax\animations\ArmorStandParticles.java
C:\Users\sebab\Desktop\four-in-a-row\src\main\java\org\seblax\animations\ArmorStandRotator.java
C:\Users\sebab\Desktop\four-in-a-row\src\main\java\org\seblax\ArmorStandListener.java
C:\Users\sebab\Desktop\four-in-a-row\src\main\java\org\seblax\Data.java
C:\Users\sebab\Desktop\four-in-a-row\src\main\java\org\seblax\four.java
C:\Users\sebab\Desktop\four-in-a-row\src\main\java\org\seblax\Game.java
C:\Users\sebab\Desktop\four-in-a-row\src\main\java\org\seblax\player\PlayerMinigame.java
C:\Users\sebab\Desktop\four-in-a-row\src\main\java\org\seblax\PlayerListener.java
C:\Users\sebab\Desktop\four-in-a-row\src\main\java\org\seblax\team\Team.java
C:\Users\sebab\Desktop\four-in-a-row\src\main\java\org\seblax\team\TeamColor.java
C:\Users\sebab\Desktop\four-in-a-row\src\main\java\org\seblax\team\TeamsManager.java
C:\Users\sebab\Desktop\four-in-a-row\src\main\java\org\seblax\utils\ArmorStandUtil.java
C:\Users\sebab\Desktop\four-in-a-row\src\main\java\org\seblax\utils\Coord.java
C:\Users\sebab\Desktop\four-in-a-row\src\main\java\org\seblax\utils\FileData.java
C:\Users\sebab\Desktop\four-in-a-row\src\main\java\org\seblax\utils\Triple.java
